{"sessionId":"dfab94","hypothesisId":"E","location":"jokers.lua:calculate","message":"buying_card_pre_blueprint","timestamp":1779625629000,"data":{"buying_self":false,"blueprint":false}}
{"sessionId":"dfab94","hypothesisId":"A","location":"jokers.lua:calculate","message":"buying_card_context","timestamp":1779625629000,"data":{"feast_lock":false,"bought_set":"Voucher","buying_self":false,"blueprint":false}}
{"sessionId":"dfab94","hypothesisId":"C","location":"jokers.lua:feast_conditions","message":"feast_conditions_enter","timestamp":1779625629000,"data":{"runId":"post-fix-2","cost_type":"number"}}
{"sessionId":"dfab94","hypothesisId":"E","location":"jokers.lua:calculate","message":"buying_card_pre_blueprint","timestamp":1779626230000,"data":{"buying_self":false,"blueprint":false}}
{"sessionId":"dfab94","hypothesisId":"A","location":"jokers.lua:calculate","message":"buying_card_context","timestamp":1779626230000,"data":{"feast_lock":false,"bought_set":"Voucher","buying_self":false,"blueprint":false}}
{"sessionId":"dfab94","hypothesisId":"C","location":"jokers.lua:feast_conditions","message":"feast_conditions_enter","timestamp":1779626230000,"data":{"runId":"post-fix-2","cost_type":"number"}}
{"sessionId":"dfab94","hypothesisId":"C","location":"jokers.lua:feast_conditions","message":"feast_conditions_eval","timestamp":1779626230000,"data":{"runId":"post-fix-2","dollars":10,"consumables":140,"reroll_cost":30,"purchase_cost":10,"has_round":true,"ok":false}}
{"sessionId":"dfab94","hypothesisId":"B","location":"jokers.lua:calculate","message":"voucher_buy_branch","timestamp":1779626230000,"data":{"bought_set":"Voucher","is_voucher":true,"feast_ok":false}}
{"sessionId":"dfab94","hypothesisId":"E","location":"jokers.lua:calculate","message":"buying_card_pre_blueprint","timestamp":1779626460000,"data":{"buying_self":false,"blueprint":false}}
{"sessionId":"dfab94","hypothesisId":"A","location":"jokers.lua:calculate","message":"buying_card_context","timestamp":1779626460000,"data":{"feast_lock":false,"bought_set":"Voucher","buying_self":false,"blueprint":false}}
{"sessionId":"dfab94","hypothesisId":"C","location":"jokers.lua:feast_conditions","message":"feast_conditions_enter","timestamp":1779626460000,"data":{"runId":"post-fix-2","cost_type":"number"}}
{"sessionId":"dfab94","hypothesisId":"C","location":"jokers.lua:feast_conditions","message":"feast_conditions_eval","timestamp":1779626460000,"data":{"reroll_cost":31,"cash":0,"has_round":true,"pending_bonus":0,"runId":"post-fix-2","dollars":10,"consumables":143,"ok":false,"purchase_cost":10}}
{"sessionId":"dfab94","hypothesisId":"B","location":"jokers.lua:calculate","message":"voucher_buy_branch","timestamp":1779626460000,"data":{"bought_set":"Voucher","is_voucher":true,"feast_ok":false}}
{"sessionId":"dfab94","hypothesisId":"E","location":"jokers.lua:calculate","message":"buying_card_pre_blueprint","timestamp":1779626669000,"data":{"buying_self":false,"blueprint":false}}
{"sessionId":"dfab94","hypothesisId":"A","location":"jokers.lua:calculate","message":"buying_card_context","timestamp":1779626669000,"data":{"feast_lock":false,"bought_set":"Voucher","buying_self":false,"blueprint":false}}
{"sessionId":"dfab94","hypothesisId":"C","location":"jokers.lua:feast_conditions","message":"feast_conditions_enter","timestamp":1779626669000,"data":{"runId":"post-fix-2","cost_type":"number"}}
{"sessionId":"dfab94","hypothesisId":"C","location":"jokers.lua:feast_conditions","message":"feast_conditions_eval","timestamp":1779626669000,"data":{"runId":"post-fix-2","dollars":10,"consumables":140,"reroll_cost":31,"cash":0,"has_round":true,"ok":false,"purchase_cost":10}}
{"sessionId":"dfab94","hypothesisId":"B","location":"jokers.lua:calculate","message":"voucher_buy_branch","timestamp":1779626669000,"data":{"bought_set":"Voucher","is_voucher":true,"feast_ok":false}}
{"sessionId":"dfab94","hypothesisId":"E","location":"jokers.lua:calculate","message":"buying_card_pre_blueprint","timestamp":1779626754000,"data":{"buying_self":false,"blueprint":false}}
{"sessionId":"dfab94","hypothesisId":"A","location":"jokers.lua:calculate","message":"buying_card_context","timestamp":1779626754000,"data":{"feast_lock":false,"bought_set":"Voucher","buying_self":false,"blueprint":false}}
{"sessionId":"dfab94","hypothesisId":"C","location":"jokers.lua:feast_conditions","message":"feast_conditions_enter","timestamp":1779626754000,"data":{"runId":"post-fix-2","cost_type":"number"}}
{"sessionId":"dfab94","hypothesisId":"C","location":"jokers.lua:feast_conditions","message":"feast_conditions_eval","timestamp":1779626754000,"data":{"runId":"post-fix-2","dollars":10,"consumables":102,"reroll_cost":39,"cash":0,"has_round":true,"ok":false,"purchase_cost":10}}
{"sessionId":"dfab94","hypothesisId":"B","location":"jokers.lua:calculate","message":"voucher_buy_branch","timestamp":1779626754000,"data":{"bought_set":"Voucher","is_voucher":true,"feast_ok":false}}
{"sessionId":"dfab94","hypothesisId":"E","location":"jokers.lua:calculate","message":"buying_card_pre_blueprint","timestamp":1779626930000,"data":{"buying_self":false,"blueprint":false}}
{"sessionId":"dfab94","hypothesisId":"A","location":"jokers.lua:calculate","message":"buying_card_context","timestamp":1779626930000,"data":{"feast_lock":false,"bought_set":"Voucher","buying_self":false,"blueprint":false}}
{"sessionId":"dfab94","hypothesisId":"C","location":"jokers.lua:feast_conditions","message":"feast_conditions_enter","timestamp":1779626930000,"data":{"runId":"post-fix-2","cost_type":"number"}}
{"sessionId":"dfab94","hypothesisId":"C","location":"jokers.lua:feast_conditions","message":"feast_conditions_eval","timestamp":1779626930000,"data":{"reroll_cost":39,"cash":999278,"has_round":true,"cash_type":"table","cash_raw":"999,278","dollars":999288,"consumables":99,"runId":"post-fix-2","ok":false,"purchase_cost":10}}
{"sessionId":"dfab94","hypothesisId":"B","location":"jokers.lua:calculate","message":"voucher_buy_branch","timestamp":1779626930000,"data":{"bought_set":"Voucher","is_voucher":true,"feast_ok":false}}
{"sessionId":"dfab94","hypothesisId":"E","location":"jokers.lua:calculate","message":"buying_card_pre_blueprint","timestamp":1779626954000,"data":{"buying_self":false,"blueprint":false}}
{"sessionId":"dfab94","hypothesisId":"A","location":"jokers.lua:calculate","message":"buying_card_context","timestamp":1779626954000,"data":{"feast_lock":false,"bought_set":"Voucher","buying_self":false,"blueprint":false}}
{"sessionId":"dfab94","hypothesisId":"C","location":"jokers.lua:feast_conditions","message":"feast_conditions_enter","timestamp":1779626954000,"data":{"runId":"post-fix-2","cost_type":"number"}}
{"sessionId":"dfab94","hypothesisId":"C","location":"jokers.lua:feast_conditions","message":"feast_conditions_eval","timestamp":1779626954000,"data":{"reroll_cost":40,"cash":999239,"has_round":true,"cash_type":"table","cash_raw":"999,239","dollars":999249,"consumables":102,"runId":"post-fix-2","ok":true,"purchase_cost":10}}
{"sessionId":"dfab94","hypothesisId":"B","location":"jokers.lua:calculate","message":"voucher_buy_branch","timestamp":1779626954000,"data":{"bought_set":"Voucher","is_voucher":true,"feast_ok":true}}
{"sessionId":"dfab94","hypothesisId":"F","location":"jokers.lua:calculate","message":"deferred_grand_feast","timestamp":1779626955000,"data":{"runId":"post-fix-2","feast_lock":false}}
{"sessionId":"dfab94","hypothesisId":"F","location":"jokers.lua:queue_grand_feast","message":"queue_grand_feast_called","timestamp":1779626955000,"data":{"feast_lock":false,"has_game":true}}
{"sessionId":"dfab94","hypothesisId":"E","location":"jokers.lua:calculate","message":"buying_card_pre_blueprint","timestamp":1779627687000,"data":{"buying_self":false,"blueprint":false}}
{"sessionId":"dfab94","hypothesisId":"A","location":"jokers.lua:calculate","message":"buying_card_context","timestamp":1779627687000,"data":{"feast_lock":false,"bought_set":"Voucher","buying_self":false,"blueprint":false}}
{"sessionId":"dfab94","hypothesisId":"C","location":"jokers.lua:feast_conditions","message":"feast_conditions_enter","timestamp":1779627687000,"data":{"runId":"post-fix-2","cost_type":"number"}}
{"sessionId":"dfab94","hypothesisId":"C","location":"jokers.lua:feast_conditions","message":"feast_conditions_eval","timestamp":1779627687000,"data":{"reroll_cost":41,"cash":999199,"has_round":true,"cash_type":"table","cash_raw":"999,199","dollars":999209,"consumables":108,"runId":"post-fix-2","ok":true,"purchase_cost":10}}
{"sessionId":"dfab94","hypothesisId":"B","location":"jokers.lua:calculate","message":"voucher_buy_branch","timestamp":1779627687000,"data":{"bought_set":"Voucher","is_voucher":true,"feast_ok":true}}
{"sessionId":"dfab94","hypothesisId":"F","location":"jokers.lua:calculate","message":"deferred_grand_feast","timestamp":1779627688000,"data":{"runId":"post-fix-2","feast_lock":false}}
{"sessionId":"dfab94","hypothesisId":"F","location":"jokers.lua:queue_grand_feast","message":"queue_grand_feast_called","timestamp":1779627688000,"data":{"feast_lock":false,"has_game":true}}
{"sessionId":"dfab94","hypothesisId":"E","location":"jokers.lua:calculate","message":"buying_card_pre_blueprint","timestamp":1779628339000,"data":{"buying_self":false,"blueprint":false}}
{"sessionId":"dfab94","hypothesisId":"A","location":"jokers.lua:calculate","message":"buying_card_context","timestamp":1779628339000,"data":{"feast_lock":false,"bought_set":"Voucher","buying_self":false,"blueprint":false}}
{"sessionId":"dfab94","hypothesisId":"C","location":"jokers.lua:feast_conditions","message":"feast_conditions_enter","timestamp":1779628339000,"data":{"cost_type":"number","runId":"post-fix-3"}}
{"sessionId":"dfab94","hypothesisId":"C","location":"jokers.lua:feast_conditions","message":"feast_conditions_eval","timestamp":1779628339000,"data":{"reroll_cost":41,"cash":999199,"has_round":true,"cash_type":"table","cash_raw":"999,199","dollars":999209,"consumables":105,"heaviest_deck":true,"runId":"post-fix-3","ok":true,"purchase_cost":10}}
{"sessionId":"dfab94","hypothesisId":"B","location":"jokers.lua:calculate","message":"voucher_buy_branch","timestamp":1779628339000,"data":{"bought_set":"Voucher","is_voucher":true,"feast_ok":true}}
{"sessionId":"dfab94","hypothesisId":"F","location":"jokers.lua:calculate","message":"deferred_grand_feast","timestamp":1779628339000,"data":{"runId":"post-fix-3","feast_lock":false}}
{"sessionId":"dfab94","hypothesisId":"F","location":"jokers.lua:queue_grand_feast","message":"queue_grand_feast_called","timestamp":1779628339000,"data":{"feast_lock":false,"has_game":true}}
{"sessionId":"dfab94","hypothesisId":"F","location":"jokers.lua:queue_grand_feast","message":"intro_start","timestamp":1779628340000,"data":{"runId":"post-fix-3","candidates":105}}
{"sessionId":"dfab94","hypothesisId":"F","location":"jokers.lua:queue_grand_feast","message":"dialogue_line","timestamp":1779628341000,"data":{"runId":"post-fix-3","line":1}}
{"sessionId":"dfab94","hypothesisId":"F","location":"jokers.lua:queue_grand_feast","message":"dialogue_line","timestamp":1779628343000,"data":{"runId":"post-fix-3","line":2}}
{"sessionId":"dfab94","hypothesisId":"F","location":"jokers.lua:queue_grand_feast","message":"dialogue_line","timestamp":1779628347000,"data":{"runId":"post-fix-3","line":3}}
{"sessionId":"dfab94","hypothesisId":"F","location":"jokers.lua:queue_grand_feast","message":"dialogue_line","timestamp":1779628352000,"data":{"runId":"post-fix-3","line":4}}
{"sessionId":"dfab94","hypothesisId":"F","location":"jokers.lua:queue_grand_feast","message":"intro_done","timestamp":1779628359000,"data":{"runId":"post-fix-3"}}
{"sessionId":"dfab94","hypothesisId":"F","location":"jokers.lua:queue_grand_feast","message":"eating_start","timestamp":1779628367000,"data":{"runId":"post-fix-3","candidates":105}}
{"sessionId":"dfab94","hypothesisId":"F","location":"jokers.lua:queue_grand_feast","message":"feast_cleanup","timestamp":1779628373000,"data":{"runId":"post-fix-3"}}
{"sessionId":"dfab94","hypothesisId":"E","location":"jokers.lua:calculate","message":"buying_card_pre_blueprint","timestamp":1779628541000,"data":{"buying_self":false,"blueprint":false}}
{"sessionId":"dfab94","hypothesisId":"A","location":"jokers.lua:calculate","message":"buying_card_context","timestamp":1779628541000,"data":{"feast_lock":false,"bought_set":"Voucher","buying_self":false,"blueprint":false}}
{"sessionId":"dfab94","hypothesisId":"C","location":"jokers.lua:feast_conditions","message":"feast_conditions_enter","timestamp":1779628541000,"data":{"cost_type":"number","runId":"post-fix-3"}}
{"sessionId":"dfab94","hypothesisId":"C","location":"jokers.lua:feast_conditions","message":"feast_conditions_eval","timestamp":1779628541000,"data":{"reroll_cost":41,"cash":999199,"has_round":true,"cash_type":"table","cash_raw":"999,199","dollars":999209,"consumables":105,"heaviest_deck":true,"runId":"post-fix-3","ok":true,"purchase_cost":10}}
{"sessionId":"dfab94","hypothesisId":"B","location":"jokers.lua:calculate","message":"voucher_buy_branch","timestamp":1779628541000,"data":{"bought_set":"Voucher","is_voucher":true,"feast_ok":true}}
{"sessionId":"dfab94","hypothesisId":"F","location":"jokers.lua:calculate","message":"deferred_grand_feast","timestamp":1779628542000,"data":{"runId":"post-fix-3","feast_lock":false}}
{"sessionId":"dfab94","hypothesisId":"F","location":"jokers.lua:queue_grand_feast","message":"queue_grand_feast_called","timestamp":1779628542000,"data":{"feast_lock":false,"has_game":true}}
{"sessionId":"dfab94","hypothesisId":"F","location":"jokers.lua:queue_grand_feast","message":"intro_start","timestamp":1779628542000,"data":{"runId":"post-fix-3","candidates":105}}
{"sessionId":"dfab94","hypothesisId":"F","location":"jokers.lua:queue_grand_feast","message":"dialogue_line","timestamp":1779628543000,"data":{"runId":"post-fix-3","line":1}}
{"sessionId":"dfab94","hypothesisId":"F","location":"jokers.lua:queue_grand_feast","message":"dialogue_line","timestamp":1779628546000,"data":{"runId":"post-fix-3","line":2}}
{"sessionId":"dfab94","hypothesisId":"F","location":"jokers.lua:queue_grand_feast","message":"dialogue_line","timestamp":1779628549000,"data":{"runId":"post-fix-3","line":3}}
{"sessionId":"dfab94","hypothesisId":"F","location":"jokers.lua:queue_grand_feast","message":"dialogue_line","timestamp":1779628555000,"data":{"runId":"post-fix-3","line":4}}
{"sessionId":"dfab94","hypothesisId":"F","location":"jokers.lua:queue_grand_feast","message":"intro_done","timestamp":1779628562000,"data":{"runId":"post-fix-3"}}
{"sessionId":"dfab94","hypothesisId":"F","location":"jokers.lua:queue_grand_feast","message":"eating_start","timestamp":1779628569000,"data":{"runId":"post-fix-3","candidates":105}}
{"sessionId":"dfab94","hypothesisId":"F","location":"jokers.lua:queue_grand_feast","message":"feast_cleanup","timestamp":1779628575000,"data":{"runId":"post-fix-3"}}
{"sessionId":"dfab94","hypothesisId":"E","location":"jokers.lua:calculate","message":"buying_card_pre_blueprint","timestamp":1779628709000,"data":{"buying_self":false,"blueprint":false}}
{"sessionId":"dfab94","hypothesisId":"A","location":"jokers.lua:calculate","message":"buying_card_context","timestamp":1779628709000,"data":{"feast_lock":false,"bought_set":"Joker","buying_self":false,"blueprint":false}}
{"sessionId":"dfab94","hypothesisId":"B","location":"jokers.lua:calculate","message":"voucher_buy_branch","timestamp":1779628709000,"data":{"bought_set":"Joker","is_voucher":false,"feast_ok":false}}
{"sessionId":"dfab94","hypothesisId":"E","location":"jokers.lua:calculate","message":"buying_card_pre_blueprint","timestamp":1779628710000,"data":{"buying_self":false,"blueprint":false}}
{"sessionId":"dfab94","hypothesisId":"A","location":"jokers.lua:calculate","message":"buying_card_context","timestamp":1779628710000,"data":{"feast_lock":false,"bought_set":"Joker","buying_self":false,"blueprint":false}}
{"sessionId":"dfab94","hypothesisId":"B","location":"jokers.lua:calculate","message":"voucher_buy_branch","timestamp":1779628710000,"data":{"bought_set":"Joker","is_voucher":false,"feast_ok":false}}
